
--- Job HW4.gms Start 10/05/26 23:47:39 54.4.0 9a60ae27 WEX-WEI x86 64bit/MS Windows
--- Applying:
    C:\GAMS\54\gmsprmNT.txt
--- GAMS Parameters defined
    Input "C:\Users\talha\Downloads\Courses\CEE 6410 Civil Engineering Systems Analysis in the Age of Uncertainty\Assignments\CEE6410Github\CEE6410-Engineering-Systems\HW4\HW4.gms"
    PageSize 0
    ScrDir "C:\Users\talha\Downloads\Courses\CEE 6410 Civil Engineering Systems Analysis in the Age of Uncertainty\Assignments\CEE6410Github\CEE6410-Engineering-Systems\HW4\225a\"
    SysDir C:\GAMS\54\
    LogOption 3
    AppendLog 1
    ErrMsg 1
    ErrorLog 99
    IDE 1
    LstTitleLeftAligned 1
Licensee: Course License                                 G260818+0003Ac-GEN
          Utah State University                                     DCE5615
          225a\gamslice.dat
          1d9a2824-f32d-4897
          node:87062105 mem:16 cores:10 ipport:52145 v:2                   
          Course license for use within the course and related course work
          The time-limited license stops working on : Jun 14, 2027
System information: 10 physical cores and 16 Gb physical memory detected
GAMS 54.4.0   Copyright (C) 1987-2026 GAMS Development. All rights reserved
--- Starting compilation
--- HW4.gms(118) 3 Mb
--- $echo File C:\Users\talha\Downloads\Courses\CEE 6410 Civil Engineering Systems Analysis in the Age of Uncertainty\Assignments\CEE6410Github\CEE6410-Engineering-Systems\HW4\cplex.opt
--- HW4.gms(130) 3 Mb
--- Starting execution: elapsed 0:00:00.015
--- HW4.gms(117) 4 Mb
--- Generating LP model reservoir
--- HW4.gms(124) 4 Mb
---   32 rows  31 columns  79 non-zeroes
--- Range statistics (absolute non-zero finite values)
--- RHS       [min, max] : [ 1.000E+00, 9.000E+00] - Zero values observed as well
--- Bound     [min, max] : [        NA,        NA] - Zero values observed as well
--- Matrix    [min, max] : [ 1.000E+00, 2.200E+00]
--- Executing CPLEX (Solvelink=2): elapsed 0:00:00.024

IBM ILOG CPLEX   54.4.0 9a60ae27 Sep 9, 2026           WEI x86 64bit/MS Window

*** This solver runs with a community license.

--- Reading option file 'C:\Users\talha\Downloads\Courses\CEE 6410 Civil Engineering Systems Analysis
---     in the Age of Uncertainty\Assignments\CEE6410Github\CEE6410-Engineering-Systems\HW4\cplex.opt':
--- Setting 'rhsrng': minFlowA

--- GMO setup time: 0.00s
--- GMO memory 0.50 Mb (peak 0.50 Mb)
--- Dictionary memory 0.00 Mb
--- Cplex 22.1.2.0 link memory 0.00 Mb (peak 0.00 Mb)
--- Starting Cplex

Version identifier: 22.1.2.0 | 2024-11-25 | 0edbb82fd
CPXPARAM_Advance                                 0
CPXPARAM_MIP_Display                             4
CPXPARAM_MIP_Pool_Capacity                       0
CPXPARAM_Preprocessing_QCPDuals                  0
CPXPARAM_MIP_Tolerances_AbsMIPGap                0
Tried aggregator 1 time.
LP Presolve eliminated 19 rows and 7 columns.
Reduced LP has 12 rows, 24 columns, and 41 nonzeros.
Presolve time = 0.00 sec. (0.03 ticks)
Initializing dual steep norms . . .

Iteration log . . .
Iteration:     1   Dual infeasibility =             8.299999
Iteration:     9   Dual objective     =            66.200000

--- LP status (1): optimal.
--- Cplex Time: 0.00sec (det. 0.06 ticks)

--- Start ranging / sensitivity analysis...
--- Right-hand-side ranging...

EQUATION NAME                            LOWER           CURRENT             UPPER
-------------                            -----           -------             -----
minFlowA(1)                                  0                 1                 2   
minFlowA(2)                                  0                 1                 2   
minFlowA(3)                                  0                 1                 2   
minFlowA(4)                                  0                 1                 4   
minFlowA(5)                                  0                 1                 4   
minFlowA(6)                                  0                 1                 4   


Optimal solution found
Objective:           51.600000

--- Reading solution for model reservoir
--- Executing after solve: elapsed 0:00:00.086
--- HW4.gms(127) 4 Mb
*** Status: Normal completion
--- Job HW4.gms Stop 10/05/26 23:47:39 elapsed 0:00:00.087
