GAMS 54.4.0  9a60ae27 Sep 9, 2026           WEX-WEI x86 64bit/MS Windows - 10/09/26 21:46:39 Page 1
G e n e r a l   A l g e b r a i c   M o d e l i n g   S y s t e m
C o m p i l a t i o n


      CEE 6410 Fall 2015
      Example 6 in the Lecture notes for 9/29
       
      Minimize cost to supply water by a new treatment plant or wholesale contract
      This is the relaxed version that treats the interger decision variables
      as standard, positive, continuous variables.
      With the additional $35,000 capital cost for establishing the wholesale contract.
       
      Integer version using INTEGER VARIABLES statement and SOLVE as MIP.
       
      Code by 
      David E Rosenberg
      david.rosenberg@usu.edu
      September 28, 2015
       
      Run by 
      Talha Quddoos
      talha.quddoos@usu.edu
      October 09, 2026
       
       
  24   
  25  * 1. DEFINE the SETS
  26  SETS src water supply sources /tp "treatment plant", wc "wholesale contract"/;
  27   
  28  * 2. DEFINE input data
  29  PARAMETERS
  30     CapCost(src) capital cost ($ to build)
  31           /tp 90000,
  32            wc 35000/
  33     OpCost(src) operating cost ($ per ac-ft)
  34           /tp 120
  35            wc 150/
  36     MaxCapacity(src) Maximum capacity of source when built (ac-ft per year)
  37            /tp 2000,
  38             wc  12000/
  39     MinUse(src) Minimum required use of source when built (ac-ft per year)
  40            /tp 0,
  41             wc  1000/
  42     TotDemand  Total Demand (ac-ft per year) /2000/
  43  * "Integer" variables free within 0 to 1 bounds. Same as "Binary Variables" statement below
  44  * Leave values as is
  45     IntUpBnd(src) Upper bound on integer variables (#)
  46            /tp 1,
  47             wc 1/
  48     IntLowBnd(src) Lower bound on integer variables (#)
  49             /tp 0,
  50             wc 0/
  51   
  52  * 3. DEFINE the variables
  53  VARIABLES I(src) binary decision to build or do prject from source src (1=yes 0=no)
  54            X(src) volume of water provided by source src (ac-ft per year)
  55            TCOST  total capital and operating costs of supply actions ($);
  56   
  57  BINARY VARIABLES I;
  58  * Non-negativity constraints
  59  POSITIVE VARIABLES X;
  60   
  61  * 4. COMBINE variables and data in equations
  62  EQUATIONS
  63     COST            Total Cost ($) and objective function value
  64     MaxCap(src)     Maximum capacity of source when built (ac-ft per year)
  65     MinReqUse(src)  Minimum required use of source when built (ac-ft per year)
  66     MeetDemand      Meet demand (ac-ft per year)
  67     IntUpBound(src) Upper bound on interger variables (number)
  68     IntLowBound(src) Lower bound on integer variables (number);
  69   
  70  COST..                 TCOST =E= SUM(src,CapCost(src)*I(src) + OpCost(src)*X(src));
  71  MaxCap(src) ..           X(src) =L= MaxCapacity(src)*I(src);
  72  MinReqUse(src) ..        X(src) =G= MinUse(src)*I(src);
  73  MeetDemand ..            sum(src,X(src)) =G= TotDemand;
  74  IntUpBound(src) ..       I(src) =L= IntUpBnd(src);
  75  IntLowBound(src) ..      I(src) =G= IntLowBnd(src);
  76   
  77  * 5. DEFINE the MODEL from the EQUATIONS
  78  MODEL WatSupplyRelaxed /ALL/;
  79   
  80  * 6. Solve the Model as an LP (relaxed IP)
  81  SOLVE WatSupplyRelaxed USING MIP MINIMIZING TCOST;
  82   
  83  DISPLAY X.L, I.L, TCOST.L;
  84   
  85  * Dump all input data and results to a GAMS gdx file
  86  Execute_Unload "Ex6-3-integer.gdx";
  87  * Dump the gdx file to an Excel workbook
  88  Execute "gdx2xls Ex6-3-integer.gdx"


COMPILATION TIME     =        0.016 SECONDS      3 MB  54.4.0 9a60ae27 WEX-WEI
GAMS 54.4.0  9a60ae27 Sep 9, 2026           WEX-WEI x86 64bit/MS Windows - 10/09/26 21:46:39 Page 2
G e n e r a l   A l g e b r a i c   M o d e l i n g   S y s t e m
Equation Listing    SOLVE WatSupplyRelaxed Using MIP From line 81


---- COST  =E=  Total Cost ($) and objective function value

COST..  - 90000*I(tp) - 35000*I(wc) - 120*X(tp) - 150*X(wc) + TCOST =E= 0 ; (LHS = 0)
     

---- MaxCap  =L=  Maximum capacity of source when built (ac-ft per year)

MaxCap(tp)..  - 2000*I(tp) + X(tp) =L= 0 ; (LHS = 0)
     
MaxCap(wc)..  - 12000*I(wc) + X(wc) =L= 0 ; (LHS = 0)
     

---- MinReqUse  =G=  Minimum required use of source when built (ac-ft per year)

MinReqUse(tp)..  X(tp) =G= 0 ; (LHS = 0)
     
MinReqUse(wc)..  - 1000*I(wc) + X(wc) =G= 0 ; (LHS = 0)
     

---- MeetDemand  =G=  Meet demand (ac-ft per year)

MeetDemand..  X(tp) + X(wc) =G= 2000 ; (LHS = 0, INFES = 2000 ****)
     

---- IntUpBound  =L=  Upper bound on interger variables (number)

IntUpBound(tp)..  I(tp) =L= 1 ; (LHS = 0)
     
IntUpBound(wc)..  I(wc) =L= 1 ; (LHS = 0)
     

---- IntLowBound  =G=  Lower bound on integer variables (number)

IntLowBound(tp)..  I(tp) =G= 0 ; (LHS = 0)
     
IntLowBound(wc)..  I(wc) =G= 0 ; (LHS = 0)
     
GAMS 54.4.0  9a60ae27 Sep 9, 2026           WEX-WEI x86 64bit/MS Windows - 10/09/26 21:46:39 Page 3
G e n e r a l   A l g e b r a i c   M o d e l i n g   S y s t e m
Column Listing      SOLVE WatSupplyRelaxed Using MIP From line 81


---- I  binary decision to build or do prject from source src (1=yes 0=no)

I(tp)
                (.LO, .L, .UP, .M = 0, 0, 1, 0)
   -90000       COST
    -2000       MaxCap(tp)
        1       IntUpBound(tp)
        1       IntLowBound(tp)

I(wc)
                (.LO, .L, .UP, .M = 0, 0, 1, 0)
   -35000       COST
   -12000       MaxCap(wc)
    -1000       MinReqUse(wc)
        1       IntUpBound(wc)
        1       IntLowBound(wc)


---- X  volume of water provided by source src (ac-ft per year)

X(tp)
                (.LO, .L, .UP, .M = 0, 0, +INF, 0)
     -120       COST
        1       MaxCap(tp)
        1       MinReqUse(tp)
        1       MeetDemand

X(wc)
                (.LO, .L, .UP, .M = 0, 0, +INF, 0)
     -150       COST
        1       MaxCap(wc)
        1       MinReqUse(wc)
        1       MeetDemand


---- TCOST  total capital and operating costs of supply actions ($)

TCOST
                (.LO, .L, .UP, .M = -INF, 0, +INF, 0)
        1       COST

GAMS 54.4.0  9a60ae27 Sep 9, 2026           WEX-WEI x86 64bit/MS Windows - 10/09/26 21:46:39 Page 4
G e n e r a l   A l g e b r a i c   M o d e l i n g   S y s t e m
Range Statistics    SOLVE WatSupplyRelaxed Using MIP From line 81


RANGE STATISTICS (ABSOLUTE NON-ZERO FINITE VALUES)

RHS       [min, max] : [ 1.000E+00, 2.000E+03] - Zero values observed as well
Bound     [min, max] : [ 1.000E+00, 1.000E+00] - Zero values observed as well
Matrix    [min, max] : [ 1.000E+00, 9.000E+04]

GAMS 54.4.0  9a60ae27 Sep 9, 2026           WEX-WEI x86 64bit/MS Windows - 10/09/26 21:46:39 Page 5
G e n e r a l   A l g e b r a i c   M o d e l i n g   S y s t e m
Model Statistics    SOLVE WatSupplyRelaxed Using MIP From line 81


MODEL STATISTICS

BLOCKS OF EQUATIONS           6     SINGLE EQUATIONS           10
BLOCKS OF VARIABLES           3     SINGLE VARIABLES            5
NON ZERO ELEMENTS            18     DISCRETE VARIABLES          2


GENERATION TIME      =        0.031 SECONDS      4 MB  54.4.0 9a60ae27 WEX-WEI
GAMS 54.4.0  9a60ae27 Sep 9, 2026           WEX-WEI x86 64bit/MS Windows - 10/09/26 21:46:39 Page 6
G e n e r a l   A l g e b r a i c   M o d e l i n g   S y s t e m
Solution Report     SOLVE WatSupplyRelaxed Using MIP From line 81


               S O L V E      S U M M A R Y

     MODEL   WatSupplyRelaxed    OBJECTIVE  TCOST
     TYPE    MIP                 DIRECTION  MINIMIZE
     SOLVER  CPLEX               FROM LINE  81

**** SOLVER STATUS     1 Normal Completion
**** MODEL STATUS      1 Optimal
**** OBJECTIVE VALUE           330000.0000

 RESOURCE USAGE, LIMIT          0.016 10000000000.000
 ITERATION COUNT, LIMIT         0    2147483647
*** This solver runs with a community license.
--- GMO setup time: 0.00s
--- GMO memory 0.50 Mb (peak 0.50 Mb)
--- Dictionary memory 0.00 Mb
--- Cplex 22.1.2.0 link memory 0.00 Mb (peak 0.00 Mb)
--- Starting Cplex


--- MIP status (101): integer optimal solution.
--- Cplex Time: 0.02sec (det. 0.03 ticks)


Proven optimal solution
MIP Solution:       330000.000000    (0 iterations, 0 nodes)

Best possible:      330000.000000
Absolute gap:            0.000000
Relative gap:            0.000000


                           LOWER          LEVEL          UPPER

---- EQU COST                .              .              .          

  COST  Total Cost ($) and objective function value

---- EQU MaxCap  Maximum capacity of source when built (ac-ft per year)

          LOWER          LEVEL          UPPER

tp        -INF             .              .          
wc        -INF             .              .          

---- EQU MinReqUse  Minimum required use of source when built (ac-ft per year)

          LOWER          LEVEL          UPPER

tp          .          2000.0000        +INF         
wc          .              .            +INF         

                           LOWER          LEVEL          UPPER

---- EQU MeetDemand      2000.0000      2000.0000        +INF         

  MeetDemand  Meet demand (ac-ft per year)

---- EQU IntUpBound  Upper bound on interger variables (number)

          LOWER          LEVEL          UPPER

tp        -INF            1.0000         1.0000      
wc        -INF             .             1.0000      

---- EQU IntLowBound  Lower bound on integer variables (number)

          LOWER          LEVEL          UPPER

tp          .             1.0000        +INF         
wc          .              .            +INF         

---- VAR I  binary decision to build or do prject from source src (1=yes 0=no)

          LOWER          LEVEL          UPPER

tp          .             1.0000         1.0000      
wc          .              .             1.0000      

---- VAR X  volume of water provided by source src (ac-ft per year)

          LOWER          LEVEL          UPPER

tp          .          2000.0000        +INF         
wc          .              .            +INF         

                           LOWER          LEVEL          UPPER

---- VAR TCOST             -INF       330000.0000        +INF         

  TCOST  total capital and operating costs of supply actions ($)


**** REPORT SUMMARY :        0     NONOPT
                             0 INFEASIBLE
                             0  UNBOUNDED
GAMS 54.4.0  9a60ae27 Sep 9, 2026           WEX-WEI x86 64bit/MS Windows - 10/09/26 21:46:39 Page 7
G e n e r a l   A l g e b r a i c   M o d e l i n g   S y s t e m
E x e c u t i o n


----     83 VARIABLE X.L  volume of water provided by source src (ac-ft per year)

tp 2000.000


----     83 VARIABLE I.L  binary decision to build or do prject from source src (1=yes 0=no)

tp 1.000


----     83 VARIABLE TCOST.L               =   330000.000  total capital and operating costs of supply actions ($)


EXECUTION TIME       =        2.781 SECONDS      4 MB  54.4.0 9a60ae27 WEX-WEI


USER: Course License                                 G260818+0003Ac-GEN
      Utah State University                                     DCE5615
      License for teaching and research at degree granting institutions


**** FILE SUMMARY

Input      C:\Users\talha\Downloads\Courses\CEE 6410 Civil Engineering Systems Analysis in the Age of Uncertainty\Assignments\CEE6410Github\CEE6410-Engineering-Systems\H.Integer Programming\Ex6-3-integer.gms
Output     C:\Users\talha\Downloads\Courses\CEE 6410 Civil Engineering Systems Analysis in the Age of Uncertainty\Assignments\CEE6410Github\CEE6410-Engineering-Systems\H.Integer Programming\Ex6-3-integer.lst
