
--- Job MIP-SpecialEventPlanning - Talha.gms Start 10/10/26 03:45:35 54.4.0 9a60ae27 WEX-WEI x86 64bit/MS Windows
--- Applying:
    C:\GAMS\54\gmsprmNT.txt
--- GAMS Parameters defined
    Input "C:\Users\talha\Downloads\Courses\CEE 6410 Civil Engineering Systems Analysis in the Age of Uncertainty\Assignments\CEE6410Github\CEE6410-Engineering-Systems\H.Integer Programming\MIP-SpecialEventPlanning - Talha.gms"
    PageSize 0
    ScrDir "C:\Users\talha\Downloads\Courses\CEE 6410 Civil Engineering Systems Analysis in the Age of Uncertainty\Assignments\CEE6410Github\CEE6410-Engineering-Systems\H.Integer Programming\225a\"
    SysDir C:\GAMS\54\
    LogOption 3
    AppendLog 1
    ErrMsg 1
    ErrorLog 99
    IDE 1
    LstTitleLeftAligned 1
Licensee: Course License                                 G260818+0003Ac-GEN
          Utah State University                                     DCE5615
          225a\gamslice.dat
          1d9a2824-f32d-4897
          node:87062105 mem:16 cores:10 ipport:57929 v:2                   
          Course license for use within the course and related course work
          The time-limited license stops working on : Jun 14, 2027
System information: 10 physical cores and 16 Gb physical memory detected
GAMS 54.4.0   Copyright (C) 1987-2026 GAMS Development. All rights reserved
--- Starting compilation
--- MIP-SpecialEventPlanning - Talha.gms(104) 3 Mb
--- Starting execution: elapsed 0:00:00.014
--- Generating MIP model EventPlanning
--- MIP-SpecialEventPlanning - Talha.gms(96) 4 Mb
---   9 rows  8 columns  23 non-zeroes
---   7 discrete-columns
--- Range statistics (absolute non-zero finite values)
--- RHS       [min, max] : [ 5.000E+02, 1.560E+04] - Zero values observed as well
--- Bound     [min, max] : [ 1.000E+00, 1.000E+00] - Zero values observed as well
--- Matrix    [min, max] : [ 1.000E+00, 1.500E+03]
--- Executing CPLEX (Solvelink=2): elapsed 0:00:00.021

IBM ILOG CPLEX   54.4.0 9a60ae27 Sep 9, 2026           WEI x86 64bit/MS Window

*** This solver runs with a community license.
--- GMO setup time: 0.00s
--- GMO memory 0.50 Mb (peak 0.50 Mb)
--- Dictionary memory 0.00 Mb
--- Cplex 22.1.2.0 link memory 0.00 Mb (peak 0.00 Mb)
--- Starting Cplex

Version identifier: 22.1.2.0 | 2024-11-25 | 0edbb82fd
CPXPARAM_Advance                                 0
CPXPARAM_Simplex_Display                         2
CPXPARAM_MIP_Display                             4
CPXPARAM_MIP_Pool_Capacity                       0
CPXPARAM_Preprocessing_QCPDuals                  0
CPXPARAM_MIP_Tolerances_AbsMIPGap                0
Generic callback                                 0x50
Found incumbent of value 10300.000000 after 0.00 sec. (0.00 ticks)
Tried aggregator 3 times.
MIP Presolve eliminated 5 rows and 3 columns.
MIP Presolve added 1 rows and 1 columns.
MIP Presolve modified 8 coefficients.
Aggregator did 3 substitutions.
Reduced MIP has 1 rows, 3 columns, and 3 nonzeros.
Reduced MIP has 0 binaries, 3 generals, 0 SOSs, and 0 indicators.
Presolve time = 0.00 sec. (0.03 ticks)
Tried aggregator 1 time.
MIP Presolve eliminated 1 rows and 1 columns.
MIP Presolve added 1 rows and 1 columns.
Reduced MIP has 1 rows, 3 columns, and 3 nonzeros.
Reduced MIP has 0 binaries, 3 generals, 0 SOSs, and 0 indicators.
Presolve time = 0.00 sec. (0.00 ticks)
MIP emphasis: balance optimality and feasibility.
MIP search method: dynamic search.
Parallel mode: deterministic, using up to 12 threads.
Parallel mode: deterministic, using up to 2 threads for parallel tasks at root LP.
Tried aggregator 1 time.
LP Presolve eliminated 1 rows and 3 columns.
All rows and columns eliminated.
Presolve time = 0.00 sec. (0.00 ticks)
Initializing dual steep norms . . .
Root relaxation solution time = 0.00 sec. (0.00 ticks)

        Nodes                                         Cuts/
   Node  Left     Objective  IInf  Best Integer    Best Bound    ItCnt     Gap

*     0+    0                        10200.0000     9450.0000             7.35%
Found incumbent of value 10200.000000 after 0.00 sec. (0.03 ticks)
*     0     0      integral     0     9750.0000     9750.0000        0    0.00%
Elapsed time = 0.00 sec. (0.03 ticks, tree = 0.00 MB)
Found incumbent of value 9750.000000 after 0.00 sec. (0.03 ticks)

Root node processing (before b&c):
  Real time             =    0.00 sec. (0.03 ticks)
Parallel b&c, 12 threads:
  Real time             =    0.00 sec. (0.00 ticks)
  Sync time (average)   =    0.00 sec.
  Wait time (average)   =    0.00 sec.
                          ------------
Total (root+branch&cut) =    0.00 sec. (0.03 ticks)

--- MIP status (101): integer optimal solution.
--- Cplex Time: 0.00sec (det. 0.03 ticks)


Proven optimal solution
MIP Solution:         9750.000000    (0 iterations, 0 nodes)

Best possible:        9750.000000
Absolute gap:            0.000000
Relative gap:            0.000000

--- Reading solution for model EventPlanning
--- Solver did not provide marginals for model EventPlanning
--- To request marginals from the solver set option requestMarginals >= 1
--- Executing after solve: elapsed 0:00:00.086
--- MIP-SpecialEventPlanning - Talha.gms(102) 4 Mb
--- GDX File (execute_unload) C:\Users\talha\Downloads\Courses\CEE 6410 Civil Engineering Systems Analysis in the Age of Uncertainty\Assignments\CEE6410Github\CEE6410-Engineering-Systems\H.Integer Programming\MIP-SpecialEvent_Talha.gdx
--- MIP-SpecialEventPlanning - Talha.gms(104) 4 Mb
GDX2XLS          54.4.0 9a60ae27 Sep 9, 2026           WEI x86 64bit/MS Window
Output file: C:\Users\talha\Downloads\Courses\CEE 6410 Civil Engineering Systems Analysis in the Age of Uncertainty\Assignments\CEE6410Github\CEE6410-Engineering-Systems\H.Integer Programming\MIP-SpecialEvent_Talha.xlsx
*** Status: Normal completion
--- Job MIP-SpecialEventPlanning - Talha.gms Stop 10/10/26 03:45:38 elapsed 0:00:02.399
