
--- Job Ex2-1-parametric.gms Start 10/06/26 15:39:28 54.4.0 9a60ae27 WEX-WEI x86 64bit/MS Windows
--- Applying:
    C:\GAMS\54\gmsprmNT.txt
--- GAMS Parameters defined
    Input "C:\Users\talha\Downloads\Courses\CEE 6410 Civil Engineering Systems Analysis in the Age of Uncertainty\Assignments\CEE6410Github\CEE6410-Engineering-Systems\class activity\Ex2-1-parametric.gms"
    PageSize 0
    ScrDir "C:\Users\talha\Downloads\Courses\CEE 6410 Civil Engineering Systems Analysis in the Age of Uncertainty\Assignments\CEE6410Github\CEE6410-Engineering-Systems\class activity\225a\"
    SysDir C:\GAMS\54\
    LogOption 3
    AppendLog 1
    ErrMsg 1
    ErrorLog 99
    IDE 1
    LstTitleLeftAligned 1
Licensee: Course License                                 G260818+0003Ac-GEN
          Utah State University                                     DCE5615
          225a\gamslice.dat
          1d9a2824-f32d-4897
          node:87062105 mem:16 cores:10 ipport:55890 v:2                   
          Course license for use within the course and related course work
          The time-limited license stops working on : Jun 14, 2027
System information: 10 physical cores and 16 Gb physical memory detected
GAMS 54.4.0   Copyright (C) 1987-2026 GAMS Development. All rights reserved
--- Starting compilation
--- Ex2-1-parametric.gms(138) 3 Mb
--- Starting execution: elapsed 0:00:00.016
--- Ex2-1-parametric.gms(110) 4 Mb
--- Generating LP model PLANTING
--- Ex2-1-parametric.gms(118) 4 Mb
--- LOOPS runs = r1
---   4 rows  3 columns  9 non-zeroes
--- Range statistics (absolute non-zero finite values)
--- RHS       [min, max] : [ 1.200E+04, 4.000E+06] - Zero values observed as well
--- Bound     [min, max] : [        NA,        NA] - Zero values observed as well
--- Matrix    [min, max] : [ 1.000E+00, 2.000E+03]
--- Executing CPLEX (Solvelink=2): elapsed 0:00:00.038

IBM ILOG CPLEX   54.4.0 9a60ae27 Sep 9, 2026           WEI x86 64bit/MS Window

*** This solver runs with a community license.

--- Reading option file 'C:\Users\talha\Downloads\Courses\CEE 6410 Civil Engineering Systems Analysis
---     in the Age of Uncertainty\Assignments\CEE6410Github\CEE6410-Engineering-Systems\class
---     activity\cplex.opt':
--- Setting 'objrng': all
--- Setting 'rhsrng': all

--- GMO setup time: 0.00s
--- GMO memory 0.50 Mb (peak 0.50 Mb)
--- Dictionary memory 0.00 Mb
--- Cplex 22.1.2.0 link memory 0.00 Mb (peak 0.00 Mb)
--- Starting Cplex

Version identifier: 22.1.2.0 | 2024-11-25 | 0edbb82fd
CPXPARAM_Advance                                 0
CPXPARAM_Simplex_Display                         2
CPXPARAM_MIP_Display                             4
CPXPARAM_MIP_Pool_Capacity                       0
CPXPARAM_Preprocessing_QCPDuals                  0
CPXPARAM_MIP_Tolerances_AbsMIPGap                0
Tried aggregator 1 time.
LP Presolve eliminated 0 rows and 1 columns.
Reduced LP has 3 rows, 2 columns, and 6 nonzeros.
Presolve time = 0.00 sec. (0.00 ticks)

Iteration      Dual Objective            In Variable           Out Variable
     1 sI            0.000000            X(Tomatoes)RES_CONSTRAIN(Lab slack
     2           22333.333333            X(Eggplant)RES_CONSTRAIN(Wat slack
     3           20000.000000RES_CONSTRAIN(Lab slackRES_CONSTRAIN(Lan slack

--- LP status (1): optimal.
--- Cplex Time: 0.00sec (det. 0.01 ticks)

--- Start ranging / sensitivity analysis...
--- Right-hand-side ranging...

EQUATION NAME                            LOWER           CURRENT             UPPER
-------------                            -----           -------             -----
PROFIT                                    -INF                NA              +INF   
RES_CONSTRAIN(Water)                     3e+06             4e+06             8e+06   
RES_CONSTRAIN(Land)                       6000             12000           14333.3   
RES_CONSTRAIN(Labor)                     14000             17500              +INF   

--- Objective ranging...

VARIABLE NAME                            LOWER           CURRENT             UPPER
-------------                            -----           -------             -----
X(Eggplant)                                3.5                 6           9.33333   
X(Tomatoes)                                4.5                 7                12   
VPROFIT                                   -INF                NA              +INF   


Optimal solution found
Objective:        20000.000000

--- Reading solution for model PLANTING
--- Executing after solve: elapsed 0:00:00.091
--- Ex2-1-parametric.gms(110) 4 Mb
--- Generating LP model PLANTING
--- Ex2-1-parametric.gms(118) 4 Mb
--- LOOPS runs = r2
---   4 rows  3 columns  9 non-zeroes
--- Range statistics (absolute non-zero finite values)
--- RHS       [min, max] : [ 1.200E+04, 4.000E+06] - Zero values observed as well
--- Bound     [min, max] : [        NA,        NA] - Zero values observed as well
--- Matrix    [min, max] : [ 1.000E+00, 1.500E+03]
--- Executing CPLEX (Solvelink=2): elapsed 0:00:00.091

IBM ILOG CPLEX   54.4.0 9a60ae27 Sep 9, 2026           WEI x86 64bit/MS Window

*** This solver runs with a community license.

--- Reading option file 'C:\Users\talha\Downloads\Courses\CEE 6410 Civil Engineering Systems Analysis
---     in the Age of Uncertainty\Assignments\CEE6410Github\CEE6410-Engineering-Systems\class
---     activity\cplex.opt':
--- Setting 'objrng': all
--- Setting 'rhsrng': all

--- GMO setup time: 0.00s
--- GMO memory 0.50 Mb (peak 0.50 Mb)
--- Dictionary memory 0.00 Mb
--- Cplex 22.1.2.0 link memory 0.00 Mb (peak 0.00 Mb)
--- Starting Cplex

Version identifier: 22.1.2.0 | 2024-11-25 | 0edbb82fd
CPXPARAM_Advance                                 2
CPXPARAM_Simplex_Display                         2
CPXPARAM_MIP_Display                             4
CPXPARAM_MIP_Pool_Capacity                       0
CPXPARAM_Preprocessing_QCPDuals                  0
CPXPARAM_MIP_Tolerances_AbsMIPGap                0
Tried aggregator 1 time.
LP Presolve eliminated 0 rows and 1 columns.
Reduced LP has 3 rows, 2 columns, and 6 nonzeros.
Presolve time = 0.00 sec. (0.00 ticks)
Using devex.

--- LP status (1): optimal.
--- Cplex Time: 0.00sec (det. 0.01 ticks)

--- Start ranging / sensitivity analysis...
--- Right-hand-side ranging...

EQUATION NAME                            LOWER           CURRENT             UPPER
-------------                            -----           -------             -----
PROFIT                                    -INF                NA              +INF   
RES_CONSTRAIN(Water)                     3e+06             4e+06             6e+06   
RES_CONSTRAIN(Land)                       8000             12000             14500   
RES_CONSTRAIN(Labor)                   13333.3             17500              +INF   

--- Objective ranging...

VARIABLE NAME                            LOWER           CURRENT             UPPER
-------------                            -----           -------             -----
X(Eggplant)                            4.66667                 6           9.33333   
X(Tomatoes)                                4.5                 7                 9   
VPROFIT                                   -INF                NA              +INF   


Optimal solution found
Objective:        21333.333333

--- Reading solution for model PLANTING
--- Executing after solve: elapsed 0:00:00.132
--- Ex2-1-parametric.gms(110) 4 Mb
--- Generating LP model PLANTING
--- Ex2-1-parametric.gms(118) 4 Mb
--- LOOPS runs = r3
---   4 rows  3 columns  9 non-zeroes
--- Range statistics (absolute non-zero finite values)
--- RHS       [min, max] : [ 1.200E+04, 4.000E+06] - Zero values observed as well
--- Bound     [min, max] : [        NA,        NA] - Zero values observed as well
--- Matrix    [min, max] : [ 1.000E+00, 1.000E+03]
--- Executing CPLEX (Solvelink=2): elapsed 0:00:00.132

IBM ILOG CPLEX   54.4.0 9a60ae27 Sep 9, 2026           WEI x86 64bit/MS Window

*** This solver runs with a community license.

--- Reading option file 'C:\Users\talha\Downloads\Courses\CEE 6410 Civil Engineering Systems Analysis
---     in the Age of Uncertainty\Assignments\CEE6410Github\CEE6410-Engineering-Systems\class
---     activity\cplex.opt':
--- Setting 'objrng': all
--- Setting 'rhsrng': all

--- GMO setup time: 0.00s
--- GMO memory 0.50 Mb (peak 0.50 Mb)
--- Dictionary memory 0.00 Mb
--- Cplex 22.1.2.0 link memory 0.00 Mb (peak 0.00 Mb)
--- Starting Cplex

Version identifier: 22.1.2.0 | 2024-11-25 | 0edbb82fd
CPXPARAM_Advance                                 2
CPXPARAM_Simplex_Display                         2
CPXPARAM_MIP_Display                             4
CPXPARAM_MIP_Pool_Capacity                       0
CPXPARAM_Preprocessing_QCPDuals                  0
CPXPARAM_MIP_Tolerances_AbsMIPGap                0
Tried aggregator 1 time.
LP Presolve eliminated 0 rows and 1 columns.
Reduced LP has 3 rows, 2 columns, and 6 nonzeros.
Presolve time = 0.00 sec. (0.00 ticks)
Using devex.

--- LP status (1): optimal.
--- Cplex Time: 0.00sec (det. 0.01 ticks)

--- Start ranging / sensitivity analysis...
--- Right-hand-side ranging...

EQUATION NAME                            LOWER           CURRENT             UPPER
-------------                            -----           -------             -----
PROFIT                                    -INF                NA              +INF   
RES_CONSTRAIN(Water)                         0             4e+06             4e+06   
RES_CONSTRAIN(Land)                      12000             12000              +INF   
RES_CONSTRAIN(Labor)                     10000             17500              +INF   

--- Objective ranging...

VARIABLE NAME                            LOWER           CURRENT             UPPER
-------------                            -----           -------             -----
X(Eggplant)                               -INF                 6                 7   
X(Tomatoes)                                  6                 7              +INF   
VPROFIT                                   -INF                NA              +INF   


Optimal solution found
Objective:        28000.000000

--- Reading solution for model PLANTING
--- Executing after solve: elapsed 0:00:00.204
--- Ex2-1-parametric.gms(110) 4 Mb
--- Generating LP model PLANTING
--- Ex2-1-parametric.gms(118) 4 Mb
--- LOOPS runs = r4
---   4 rows  3 columns  9 non-zeroes
--- Range statistics (absolute non-zero finite values)
--- RHS       [min, max] : [ 1.200E+04, 4.000E+06] - Zero values observed as well
--- Bound     [min, max] : [        NA,        NA] - Zero values observed as well
--- Matrix    [min, max] : [ 1.000E+00, 1.000E+03]
--- Executing CPLEX (Solvelink=2): elapsed 0:00:00.206

IBM ILOG CPLEX   54.4.0 9a60ae27 Sep 9, 2026           WEI x86 64bit/MS Window

*** This solver runs with a community license.

--- Reading option file 'C:\Users\talha\Downloads\Courses\CEE 6410 Civil Engineering Systems Analysis
---     in the Age of Uncertainty\Assignments\CEE6410Github\CEE6410-Engineering-Systems\class
---     activity\cplex.opt':
--- Setting 'objrng': all
--- Setting 'rhsrng': all

--- GMO setup time: 0.00s
--- GMO memory 0.50 Mb (peak 0.50 Mb)
--- Dictionary memory 0.00 Mb
--- Cplex 22.1.2.0 link memory 0.00 Mb (peak 0.00 Mb)
--- Starting Cplex

Version identifier: 22.1.2.0 | 2024-11-25 | 0edbb82fd
CPXPARAM_Advance                                 2
CPXPARAM_Simplex_Display                         2
CPXPARAM_MIP_Display                             4
CPXPARAM_MIP_Pool_Capacity                       0
CPXPARAM_Preprocessing_QCPDuals                  0
CPXPARAM_MIP_Tolerances_AbsMIPGap                0
Tried aggregator 1 time.
LP Presolve eliminated 1 rows and 1 columns.
Reduced LP has 2 rows, 2 columns, and 4 nonzeros.
Presolve time = 0.00 sec. (0.00 ticks)

Iteration      Dual Objective            In Variable           Out Variable
     1  I            0.000000            X(Tomatoes)RES_CONSTRAIN(Lab slack
     2           28000.000000RES_CONSTRAIN(Lab slackRES_CONSTRAIN(Lan slack

--- LP status (1): optimal.
--- Cplex Time: 0.02sec (det. 0.01 ticks)

--- Start ranging / sensitivity analysis...
--- Right-hand-side ranging...

EQUATION NAME                            LOWER           CURRENT             UPPER
-------------                            -----           -------             -----
PROFIT                                    -INF                NA              +INF   
RES_CONSTRAIN(Water)                     2e+06             4e+06              +INF   
RES_CONSTRAIN(Land)                          0             12000             21000   
RES_CONSTRAIN(Labor)                     10000             17500              +INF   

--- Objective ranging...

VARIABLE NAME                            LOWER           CURRENT             UPPER
-------------                            -----           -------             -----
X(Eggplant)                               -INF                 6           9.33333   
X(Tomatoes)                                4.5                 7              +INF   
VPROFIT                                   -INF                NA              +INF   


Optimal solution found
Objective:        28000.000000

--- Reading solution for model PLANTING
--- Executing after solve: elapsed 0:00:00.296
--- Ex2-1-parametric.gms(136) 4 Mb
--- GDX File (execute_unload) C:\Users\talha\Downloads\Courses\CEE 6410 Civil Engineering Systems Analysis in the Age of Uncertainty\Assignments\CEE6410Github\CEE6410-Engineering-Systems\class activity\Ex2-1-parametric.gdx
--- Ex2-1-parametric.gms(138) 4 Mb
GDX2XLS          54.4.0 9a60ae27 Sep 9, 2026           WEI x86 64bit/MS Window
Output file: C:\Users\talha\Downloads\Courses\CEE 6410 Civil Engineering Systems Analysis in the Age of Uncertainty\Assignments\CEE6410Github\CEE6410-Engineering-Systems\class activity\Ex2-1-parametric.xlsx
(Created backup file)
*** Status: Normal completion
--- Job Ex2-1-parametric.gms Stop 10/06/26 15:39:30 elapsed 0:00:01.566
