GAMS 54.4.0  9a60ae27 Sep 9, 2026           WEX-WEI x86 64bit/MS Windows - 09/21/26 12:11:20 Page 1
G e n e r a l   A l g e b r a i c   M o d e l i n g   S y s t e m
C o m p i l a t i o n


      CEE 6410 - Water Resources Systems Analysis
      Example 2.1 from Bishop Et Al Text (https://digitalcommons.usu.edu/ecstatic_all/76/)
      Modifies Example to add a labor constraint
       
      THE PROBLEM:
       
      An irrigated farm can be planted in two crops:  eggplants and tomatoes.  Data are as fol-lows:
       
      Seasonal Resource
      Inputs or Profit        Crops        Resource
      Availability
              Eggplant        Tomatoes
      Water        1x103 gal/plant        2x103 gal/plant      4x106 gal/year
      Land        4 ft2/plant        3 ft2/plant               1.2x104 ft2
      Labor         5hr/plant        2.5/hr plant              17,500 hours
      Profit/plant        $6        $7
       
                      Determine the optimal planting for the two crops.
       
      THE SOLUTION:
      Uses General Algebraic Modeling System to Solve this Linear Program
       
      David E Rosenberg
      david.rosenberg@usu.edu
      September 15, 2015
  28   
  29  * 1. DEFINE the SETS
  30  SETS plnt crops growing /Eggplant, Tomatoes/
  31       res resources /Water, Land, Labor/;
  32   
  33  * 2. DEFINE input data
  34  PARAMETERS
  35     c(plnt) Objective function coefficients ($ per plant)
  36           /Eggplant 6,
  37          Tomatoes 7 /
  38   
  39     b(res) Right hand constraint values (per resource)
  40            /Water 4000000,
  41             Land  12000,
  42             Labor  17500/;
  43   
  44  TABLE A(plnt,res) Left hand side constraint coefficients
  45                   Water    Land   Labor
  46   Eggplant        1000      4       5
  47   Tomatoes        2000      3       2.5;
  48   
  49   
  50  * 3. DEFINE the variables
  51  VARIABLES X(plnt) plants planted (Number)
  52            VPROFIT  total profit ($);
  53   
  54  * Non-negativity constraints
  55  POSITIVE VARIABLES X;
  56   
  57  * 4. COMBINE variables and data in equations
  58  EQUATIONS
  59     PROFIT Total profit ($) and objective function value
  60     RES_CONSTRAIN(res) Resource Constraints;
  61   
  62  PROFIT..                 VPROFIT =E= SUM(plnt, c(plnt)*X(plnt));
  63  RES_CONSTRAIN(res) ..    SUM(plnt, A(plnt,res)*X(plnt)) =L= b(res);
  64   
  65   
  66  * 5. DEFINE the MODEL from the EQUATIONS
  67  MODEL PLANTING /PROFIT, RES_CONSTRAIN/;
  68  *Altnerative way to write (include all previously defined equations)
  69  *MODEL PLANTING /ALL/;
  70   
  71   
  72  * 6. SOLVE the MODEL
  73  * Solve the PLANTING model using a Linear Programming Solver (see File=>Options=>Solvers)
  74  *     to maximize VPROFIT
  75  SOLVE PLANTING USING LP MAXIMIZING VPROFIT;
  76   
  77   
  78  * 6. CLick File menu => RUN (F9) or Solve icon and examine solution report in .LST file


COMPILATION TIME     =        0.016 SECONDS      3 MB  54.4.0 9a60ae27 WEX-WEI
GAMS 54.4.0  9a60ae27 Sep 9, 2026           WEX-WEI x86 64bit/MS Windows - 09/21/26 12:11:20 Page 2
G e n e r a l   A l g e b r a i c   M o d e l i n g   S y s t e m
Equation Listing    SOLVE PLANTING Using LP From line 75


---- PROFIT  =E=  Total profit ($) and objective function value

PROFIT..  - 6*X(Eggplant) - 7*X(Tomatoes) + VPROFIT =E= 0 ; (LHS = 0)
     

---- RES_CONSTRAIN  =L=  Resource Constraints

RES_CONSTRAIN(Water)..  1000*X(Eggplant) + 2000*X(Tomatoes) =L= 4000000 ; (LHS = 0)
     
RES_CONSTRAIN(Land)..  4*X(Eggplant) + 3*X(Tomatoes) =L= 12000 ; (LHS = 0)
     
RES_CONSTRAIN(Labor)..  5*X(Eggplant) + 2.5*X(Tomatoes) =L= 17500 ; (LHS = 0)
     
GAMS 54.4.0  9a60ae27 Sep 9, 2026           WEX-WEI x86 64bit/MS Windows - 09/21/26 12:11:20 Page 3
G e n e r a l   A l g e b r a i c   M o d e l i n g   S y s t e m
Column Listing      SOLVE PLANTING Using LP From line 75


---- X  plants planted (Number)

X(Eggplant)
                (.LO, .L, .UP, .M = 0, 0, +INF, 0)
       -6       PROFIT
     1000       RES_CONSTRAIN(Water)
        4       RES_CONSTRAIN(Land)
        5       RES_CONSTRAIN(Labor)

X(Tomatoes)
                (.LO, .L, .UP, .M = 0, 0, +INF, 0)
       -7       PROFIT
     2000       RES_CONSTRAIN(Water)
        3       RES_CONSTRAIN(Land)
        2.5     RES_CONSTRAIN(Labor)


---- VPROFIT  total profit ($)

VPROFIT
                (.LO, .L, .UP, .M = -INF, 0, +INF, 0)
        1       PROFIT

GAMS 54.4.0  9a60ae27 Sep 9, 2026           WEX-WEI x86 64bit/MS Windows - 09/21/26 12:11:20 Page 4
G e n e r a l   A l g e b r a i c   M o d e l i n g   S y s t e m
Range Statistics    SOLVE PLANTING Using LP From line 75


RANGE STATISTICS (ABSOLUTE NON-ZERO FINITE VALUES)

RHS       [min, max] : [ 1.200E+04, 4.000E+06] - Zero values observed as well
Bound     [min, max] : [        NA,        NA] - Zero values observed as well
Matrix    [min, max] : [ 1.000E+00, 2.000E+03]

GAMS 54.4.0  9a60ae27 Sep 9, 2026           WEX-WEI x86 64bit/MS Windows - 09/21/26 12:11:20 Page 5
G e n e r a l   A l g e b r a i c   M o d e l i n g   S y s t e m
Model Statistics    SOLVE PLANTING Using LP From line 75


MODEL STATISTICS

BLOCKS OF EQUATIONS           2     SINGLE EQUATIONS            4
BLOCKS OF VARIABLES           2     SINGLE VARIABLES            3
NON ZERO ELEMENTS             9


GENERATION TIME      =        0.125 SECONDS      4 MB  54.4.0 9a60ae27 WEX-WEI
GAMS 54.4.0  9a60ae27 Sep 9, 2026           WEX-WEI x86 64bit/MS Windows - 09/21/26 12:11:20 Page 6
G e n e r a l   A l g e b r a i c   M o d e l i n g   S y s t e m
Solution Report     SOLVE PLANTING Using LP From line 75


               S O L V E      S U M M A R Y

     MODEL   PLANTING            OBJECTIVE  VPROFIT
     TYPE    LP                  DIRECTION  MAXIMIZE
     SOLVER  CPLEX               FROM LINE  75

**** SOLVER STATUS     1 Normal Completion
**** MODEL STATUS      1 Optimal
**** OBJECTIVE VALUE            20000.0000

 RESOURCE USAGE, LIMIT          0.015 10000000000.000
 ITERATION COUNT, LIMIT         3    2147483647
*** This solver runs with a demo license. No commercial use.
--- GMO setup time: 0.00s
--- GMO memory 0.50 Mb (peak 0.50 Mb)
--- Dictionary memory 0.00 Mb
--- Cplex 22.1.2.0 link memory 0.00 Mb (peak 0.00 Mb)
--- Starting Cplex


--- LP status (1): optimal.
--- Cplex Time: 0.02sec (det. 0.01 ticks)


Optimal solution found
Objective:        20000.000000


                           LOWER          LEVEL          UPPER         MARGINAL

---- EQU PROFIT              .              .              .             1.0000      

  PROFIT  Total profit ($) and objective function value

---- EQU RES_CONSTRAIN  Resource Constraints

             LOWER          LEVEL          UPPER         MARGINAL

Water        -INF      4000000.0000   4000000.0000         0.0020      
Land         -INF        12000.0000     12000.0000         1.0000      
Labor        -INF        14000.0000     17500.0000          .          

---- VAR X  plants planted (Number)

                LOWER          LEVEL          UPPER         MARGINAL

Eggplant          .          2400.0000        +INF             .          
Tomatoes          .           800.0000        +INF             .          

                           LOWER          LEVEL          UPPER         MARGINAL

---- VAR VPROFIT           -INF        20000.0000        +INF             .          

  VPROFIT  total profit ($)


**** REPORT SUMMARY :        0     NONOPT
                             0 INFEASIBLE
                             0  UNBOUNDED


EXECUTION TIME       =        0.421 SECONDS      4 MB  54.4.0 9a60ae27 WEX-WEI


USER: GAMS Demo, for EULA and demo limitations see   G260530+0003Cc-GEN
      https://www.gams.com/latest/docs/UG%5FLicense.html         DC0000


**** FILE SUMMARY

Input      C:\Users\talha\Downloads\Courses\CEE 6410 Civil Engineering Systems Analysis in the Age of Uncertainty\Assignments\GAMS\Ex2-1-transport.gms
Output     C:\Users\talha\Downloads\Courses\CEE 6410 Civil Engineering Systems Analysis in the Age of Uncertainty\Assignments\GAMS\Ex2-1-transport.lst
