--- Job Ex3-transport GAMSv2.gms Start 10/01/26 15:35:00 54.4.0 9a60ae27 WEX-WEI x86 64bit/MS Windows
--- Applying:
    C:\GAMS\54\gmsprmNT.txt
--- GAMS Parameters defined
    Input "C:\Users\talha\Downloads\Courses\CEE 6410 Civil Engineering Systems Analysis in the Age of Uncertainty\Assignments\HW3GAMS Solution\Ex3-transport GAMSv2.gms"
    PageSize 0
    ScrDir "C:\Users\talha\Downloads\Courses\CEE 6410 Civil Engineering Systems Analysis in the Age of Uncertainty\Assignments\GAMS\225a\"
    SysDir C:\GAMS\54\
    LogOption 3
    AppendLog 1
    ErrMsg 1
    ErrorLog 99
    IDE 1
    LstTitleLeftAligned 1
Licensee: Course License                                 G260818+0003Ac-GEN
          Utah State University                                     DCE5615
          225a\gamslice.dat
          1d9a2824-f32d-4897
          node:87062105 mem:16 cores:10 ipport:52125 v:2                   
          Course license for use within the course and related course work
          The time-limited license stops working on : Jun 14, 2027
System information: 10 physical cores and 16 Gb physical memory detected
GAMS 54.4.0   Copyright (C) 1987-2026 GAMS Development. All rights reserved
--- Starting compilation
--- Ex3-transport GAMSv2.gms(84) 3 Mb
--- Starting execution: elapsed 0:00:00.021
--- Generating LP model Shipment
--- Ex3-transport GAMSv2.gms(81) 4 Mb
---   7 rows  9 columns  25 non-zeroes
--- Range statistics (absolute non-zero finite values)
--- RHS       [min, max] : [ 2.500E+02, 1.000E+03] - Zero values observed as well
--- Bound     [min, max] : [        NA,        NA] - Zero values observed as well
--- Matrix    [min, max] : [ 1.000E+00, 2.100E+01]
--- Executing CPLEX (Solvelink=2): elapsed 0:00:00.029

IBM ILOG CPLEX   54.4.0 9a60ae27 Sep 9, 2026           WEI x86 64bit/MS Window

*** This solver runs with a community license.
--- GMO setup time: 0.00s
--- GMO memory 0.50 Mb (peak 0.50 Mb)
--- Dictionary memory 0.00 Mb
--- Cplex 22.1.2.0 link memory 0.00 Mb (peak 0.00 Mb)
--- Starting Cplex

Version identifier: 22.1.2.0 | 2024-11-25 | 0edbb82fd
CPXPARAM_Advance                                 0
CPXPARAM_Simplex_Display                         2
CPXPARAM_MIP_Display                             4
CPXPARAM_MIP_Pool_Capacity                       0
CPXPARAM_Preprocessing_QCPDuals                  0
CPXPARAM_MIP_Tolerances_AbsMIPGap                0
Tried aggregator 1 time.
LP Presolve eliminated 0 rows and 2 columns.
Aggregator did 4 substitutions.
Reduced LP has 2 rows, 3 columns, and 6 nonzeros.
Presolve time = 0.00 sec. (0.01 ticks)

Iteration      Dual Objective            In Variable           Out Variable
     1           20650.000000      x(Dallas,NewYork)supplyConstraint( slack

--- LP status (1): optimal.
--- Cplex Time: 0.00sec (det. 0.01 ticks)


Optimal solution found
Objective:        20650.000000

--- Reading solution for model Shipment
*** Status: Normal completion
--- Job Ex3-transport GAMSv2.gms Stop 10/01/26 15:35:00 elapsed 0:00:00.075
